[load_base] idx/rewards/gaps loaded; n_kept=19940
[load_base] state parquet loaded + meta built
[load_base] action parquet + 62d features built; snap_rows=(119640, 62)
[build_temporal] start; syms=['M', 'RB', 'AG', 'CU']
[build_panel] loading precomputed panel research/analysis_results/m2/temporal_market_panel.parquet
[build_panel] cached panels for ['AG', 'CU', 'M', 'RB']
[build_temporal] M: panel built; building features
[build_temporal] RB: panel built; building features
[build_temporal] AG: panel built; building features
[build_temporal] CU: panel built; building features
[M3] SNAPSHOT F1: cutoff=-0.016460 cov=0.3 test=1868 traded=570
[M3] SNAPSHOT F2: cutoff=0.021588 cov=0.3 test=2003 traded=706
[M3] SNAPSHOT F3: cutoff=-0.003524 cov=0.1 test=1976 traded=113
[M3] SNAPSHOT F4: cutoff=0.095608 cov=0.1 test=2387 traded=202
[M3] TEMPORAL F1: cutoff=-0.008682 cov=0.2 test=1868 traded=551
[M3] TEMPORAL F2: cutoff=0.015410 cov=0.3 test=2003 traded=624
[M3] TEMPORAL F3: cutoff=-0.003524 cov=0.1 test=1976 traded=113
[M3] TEMPORAL F4: cutoff=0.095608 cov=0.1 test=2387 traded=202

=== M3 四层分解（整体）===
    特征视图        层级       平均R   相对上一层增量
SNAPSHOT 所有事件六动作平均 -0.037255       NaN
SNAPSHOT 被选事件六动作平均 -0.020621  0.016634
SNAPSHOT  模型所选方向平均  0.050605  0.071226
SNAPSHOT    模型最终动作  0.037061 -0.013544
TEMPORAL 所有事件六动作平均 -0.037255       NaN
TEMPORAL 被选事件六动作平均 -0.021422  0.015833
TEMPORAL  模型所选方向平均  0.059109  0.080531
TEMPORAL    模型最终动作  0.046049 -0.013060

=== M3 三层贡献（整体）===
    特征视图  所有事件六动作平均  被选事件六动作平均  模型所选方向平均   模型最终动作   事件筛选增量   方向选择增量    目标档位增量     最终增量  全部事件数  被选事件数   事件筛选占比   方向选择占比    目标档位占比
SNAPSHOT  -0.037255  -0.020621  0.050605 0.037061 0.016634 0.071226 -0.013544 0.074316   8234   1591 0.223825 0.958422 -0.182246
TEMPORAL  -0.037255  -0.021422  0.059109 0.046049 0.015833 0.080531 -0.013060 0.083304   8234   1490 0.190066 0.966715 -0.156782

=== 每折 ===
 折  所有事件六动作平均  被选事件六动作平均  模型所选方向平均    模型最终动作    事件筛选增量   方向选择增量    目标档位增量      最终增量  全部事件数  被选事件数   事件筛选占比    方向选择占比    目标档位占比     特征视图    累计收益     夏普率   最大回撤     利润因子
 1   0.010292   0.031197  0.047440  0.029618  0.020905 0.016244 -0.017822  0.019327   1868    570 1.081656  0.840493 -0.922149 SNAPSHOT  0.5269  1.4731 0.6855 1.051243
 2  -0.029105  -0.028784  0.091238  0.074797  0.000322 0.120021 -0.016441  0.103902   2003    706 0.003095  1.155141 -0.158236 SNAPSHOT  0.9602  2.1735 0.9926 1.134873
 3  -0.046430  -0.000735  0.128027  0.112661  0.045695 0.128762 -0.015366  0.159092   1976    113 0.287228  0.809360 -0.096588 SNAPSHOT  0.4005  2.1699 0.3119 1.208700
 4  -0.073707  -0.149436 -0.125791 -0.116117 -0.075729 0.023645  0.009674 -0.042410   2387    202 1.785628 -0.557531 -0.228097 SNAPSHOT -0.3218 -1.3265 0.8216 0.834322
 1   0.010292   0.027482  0.058888  0.043174  0.017191 0.031405 -0.015714  0.032882   1868    551 0.522796  0.955100 -0.477897 TEMPORAL  0.7119  1.9782 0.6503 1.075171
 2  -0.029105  -0.026910  0.106680  0.089021  0.002195 0.133590 -0.017659  0.118126   2003    624 0.018581  1.130913 -0.149495 TEMPORAL  1.1152  2.5052 0.8863 1.163498
 3  -0.046430  -0.000735  0.128027  0.112661  0.045695 0.128762 -0.015366  0.159092   1976    113 0.287228  0.809360 -0.096588 TEMPORAL  0.4005  2.1699 0.3119 1.208700
 4  -0.073707  -0.149436 -0.125791 -0.116117 -0.075729 0.023645  0.009674 -0.042410   2387    202 1.785628 -0.557531 -0.228097 TEMPORAL -0.3218 -1.3265 0.8216 0.834322

=== 每品种 ===
品种  所有事件六动作平均  被选事件六动作平均  模型所选方向平均    模型最终动作    事件筛选增量    方向选择增量    目标档位增量      最终增量  全部事件数  被选事件数   事件筛选占比   方向选择占比    目标档位占比     特征视图    累计收益     夏普率   最大回撤     利润因子
AG  -0.078864  -0.055919  0.005984  0.020800  0.022945  0.061903  0.014815  0.099663   2337    586 0.230223 0.621124  0.148654 SNAPSHOT  0.2580  0.0936 3.2374 1.036033
CU  -0.034898   0.003349  0.122841  0.081429  0.038247  0.119492 -0.041411  0.116327   2212    616 0.328785 1.027208 -0.355993 SNAPSHOT  4.2718  1.5128 2.2140 1.143180
 M  -0.028741  -0.062833 -0.165367 -0.115483 -0.034092 -0.102534  0.049884 -0.086742   1704    225 0.393031 1.182057 -0.575088 SNAPSHOT -3.3574 -1.8674 3.9087 0.831481
RB   0.001875   0.073382  0.235019  0.137797  0.071507  0.161637 -0.097222  0.135921   1981    164 0.526089 1.189193 -0.715282 SNAPSHOT -0.5733 -0.4471 2.6249 1.279747
AG  -0.078864  -0.051194  0.004662  0.024850  0.027670  0.055856  0.020188  0.103714   2337    584 0.266792 0.538559  0.194650 TEMPORAL -0.0315 -0.0111 3.0527 1.043158
CU  -0.034898   0.008698  0.137508  0.090515  0.043596  0.128810 -0.046993  0.125412   2212    610 0.347622 1.027089 -0.374710 TEMPORAL  4.5917  1.6602 2.0852 1.161313
 M  -0.028741  -0.057196 -0.133272 -0.097190 -0.028455 -0.076076  0.036083 -0.068449   1704    184 0.415720 1.111428 -0.527148 TEMPORAL -2.7315 -1.6720 3.2828 0.858893
RB   0.001875   0.028544  0.232075  0.149726  0.026669  0.203531 -0.082349  0.147850   1981    112 0.180376 1.376603 -0.556979 TEMPORAL -0.2692 -0.2563 2.0831 1.313337

=== SNAPSHOT vs TEMPORAL 按折 ===
 折  SNAPSHOT_累计收益  SNAPSHOT_夏普率  SNAPSHOT_利润因子  SNAPSHOT_被选事件平均收益  SNAPSHOT_事件筛选增量  SNAPSHOT_方向选择增量  SNAPSHOT_目标档位增量  TEMPORAL_累计收益  TEMPORAL_夏普率  TEMPORAL_利润因子  TEMPORAL_被选事件平均收益  TEMPORAL_事件筛选增量  TEMPORAL_方向选择增量  TEMPORAL_目标档位增量  夏普率差值(TEMPORAL-SNAPSHOT)
 1         0.5269        1.4731       1.051243           0.029618         0.020905         0.016244        -0.017822         0.7119        1.9782       1.075171           0.043174         0.017191         0.031405        -0.015714                    0.5051
 2         0.9602        2.1735       1.134873           0.074797         0.000322         0.120021        -0.016441         1.1152        2.5052       1.163498           0.089021         0.002195         0.133590        -0.017659                    0.3317
 3         0.4005        2.1699       1.208700           0.112661         0.045695         0.128762        -0.015366         0.4005        2.1699       1.208700           0.112661         0.045695         0.128762        -0.015366                    0.0000
 4        -0.3218       -1.3265       0.834322          -0.116117        -0.075729         0.023645         0.009674        -0.3218       -1.3265       0.834322          -0.116117        -0.075729         0.023645         0.009674                    0.0000

=== SNAPSHOT vs TEMPORAL 按品种 ===
品种  SNAPSHOT_累计收益  SNAPSHOT_夏普率  SNAPSHOT_利润因子  SNAPSHOT_被选事件平均收益  SNAPSHOT_事件筛选增量  SNAPSHOT_方向选择增量  SNAPSHOT_目标档位增量  TEMPORAL_累计收益  TEMPORAL_夏普率  TEMPORAL_利润因子  TEMPORAL_被选事件平均收益  TEMPORAL_事件筛选增量  TEMPORAL_方向选择增量  TEMPORAL_目标档位增量  夏普率差值(TEMPORAL-SNAPSHOT)
AG         0.2580        0.0936       1.036033           0.020800         0.022945         0.061903         0.014815        -0.0315       -0.0111       1.043158           0.024850         0.027670         0.055856         0.020188                   -0.1047
CU         4.2718        1.5128       1.143180           0.081429         0.038247         0.119492        -0.041411         4.5917        1.6602       1.161313           0.090515         0.043596         0.128810        -0.046993                    0.1474
 M        -3.3574       -1.8674       0.831481          -0.115483        -0.034092        -0.102534         0.049884        -2.7315       -1.6720       0.858893          -0.097190        -0.028455        -0.076076         0.036083                    0.1954
RB        -0.5733       -0.4471       1.279747           0.137797         0.071507         0.161637        -0.097222        -0.2692       -0.2563       1.313337           0.149726         0.026669         0.203531        -0.082349                    0.1908

=== 与 M2 主表交叉校验 ===
      视图  M3_夏普率  M2_夏普率  M3_累计收益  M2_累计收益  M3_交易次数  M2_交易次数
SNAPSHOT  1.2070  1.2070   1.5659   1.5659     1581     1581
TEMPORAL  1.4591  1.4591   1.9059   1.9059     1481     1481

M3_DONE
