[load_base] idx/rewards/gaps loaded; n_kept=19940
[load_base] state parquet loaded + meta built
[load_base] action parquet + 62d features built; snap_rows=(119640, 62)
[build_temporal] start; syms=['M', 'RB', 'AG', 'CU']
[build_panel] loading precomputed panel research/analysis_results/m2/temporal_market_panel.parquet
[build_panel] cached panels for ['AG', 'CU', 'M', 'RB']
[build_temporal] M: panel built; building features
[build_temporal] RB: panel built; building features
[build_temporal] AG: panel built; building features
[build_temporal] CU: panel built; building features
[temporal-join] {'action_rows': 119640, 'temporal_event_rows': 19940, 'unique_candidate_id_count': 19940, 'rows_with_temporal_data': 119640, 'rows_all_temporal_nan': 0, 'events_with_temporal_data': 19940, 'events_all_temporal_nan': 0, 'temporal_cols': 24}
[M6] F1: pool events=13574 (train=9837, test=1868)
[M6] F2: pool events=15577 (train=11706, test=2003)
[M6] F3: pool events=17553 (train=13574, test=1976)
[M6] F4: pool events=19940 (train=15577, test=2387)
[M6]   1.5R F1: train=34169 test=6121
[M6]   1.5R F2: train=40718 test=7236
[M6]   1.5R F3: train=46506 test=6833
[M6]   1.5R F4: train=54670 test=8004
[M6]   2.0R F1: train=42860 test=7736
[M6]   2.0R F2: train=51816 test=8933
[M6]   2.0R F3: train=58886 test=8567
[M6]   2.0R F4: train=69888 test=9749
[M6]   2.5R F1: train=49079 test=8734
[M6]   2.5R F2: train=60047 test=9978
[M6]   2.5R F3: train=67449 test=9501
[M6]   2.5R F4: train=80859 test=11008

=== 目标分布（整体）===
维度  取值   目标    状态数   平均继续优势      中位数      标准差  HOLD比例  EXIT比例  TIE比例
整体 ALL 1.5R 230218 0.456370 0.477687 0.775510  0.6923  0.2505 0.0572
整体 ALL 2.0R 290974 0.527562 0.487024 0.870956  0.6892  0.2497 0.0611
整体 ALL 2.5R 333609 0.584198 0.487917 0.955144  0.6858  0.2513 0.0629

=== 回归能力（合并）===
  目标       模型 范围   状态数    皮尔逊   斯皮尔曼      MAE     RMSE
1.5R LightGBM 合并 28194 0.0800 0.0994 0.641837 0.824672
1.5R       线性 合并 28194 0.0546 0.0688 0.635780 0.828859
2.0R LightGBM 合并 34985 0.1179 0.1234 0.700028 0.900950
2.0R       线性 合并 34985 0.0789 0.0977 0.699427 0.912337
2.5R LightGBM 合并 39221 0.1352 0.1358 0.754297 0.979326
2.5R       线性 合并 39221 0.1010 0.1169 0.756401 0.992274

=== 预测十分位（2.5R）===
  目标       模型  预测十分位  状态数      预测平均     真实平均    真实中位数  真实HOLD比例
2.5R LightGBM      1 3923 -0.001830 0.190228 0.204840    0.5970
2.5R LightGBM      2 3922  0.206480 0.363619 0.335890    0.6461
2.5R LightGBM      3 3922  0.321510 0.483269 0.391913    0.6525
2.5R LightGBM      4 3922  0.409236 0.537342 0.473351    0.6749
2.5R LightGBM      5 3922  0.488102 0.543401 0.480923    0.6770
2.5R LightGBM      6 3922  0.562640 0.568193 0.481891    0.6680
2.5R LightGBM      7 3922  0.634550 0.614381 0.528551    0.6808
2.5R LightGBM      8 3922  0.715973 0.638633 0.551898    0.6810
2.5R LightGBM      9 3922  0.821882 0.720251 0.641623    0.7162
2.5R LightGBM     10 3922  1.064979 0.648207 0.541471    0.6764
2.5R       线性      1 3923  0.041243 0.218933 0.190096    0.5835
2.5R       线性      2 3922  0.260553 0.342480 0.300047    0.6453
2.5R       线性      3 3922  0.366021 0.443624 0.375015    0.6719
2.5R       线性      4 3922  0.454181 0.518056 0.459241    0.6925
2.5R       线性      5 3922  0.530394 0.592941 0.548864    0.7101
2.5R       线性      6 3922  0.599620 0.589661 0.554221    0.6869
2.5R       线性      7 3922  0.664630 0.634939 0.564028    0.6884
2.5R       线性      8 3922  0.730944 0.693857 0.594472    0.6920
2.5R       线性      9 3922  0.808439 0.684417 0.546822    0.6642
2.5R       线性     10 3922  0.982516 0.588608 0.443232    0.6351

=== 分类能力（合并）===
  目标                  模型 范围   样本数    AUC    准确率  HOLD精确率  HOLD召回率  EXIT精确率  EXIT召回率
1.5R            LightGBM 合并 26534 0.4904 0.6845   0.7071   0.9450   0.2994   0.0567
1.5R LightGBM(基准:永远HOLD) 合并 26534    NaN 0.7068   0.7068   1.0000      NaN   0.0000
1.5R LightGBM(基准:永远EXIT) 合并 26534    NaN 0.2932      NaN   0.0000   0.2932   1.0000
1.5R    LightGBM(基准:多数类) 合并 26534    NaN 0.7068   0.7068   1.0000      NaN   0.0000
1.5R                  线性 合并 26534 0.4731 0.7026   0.7074   0.9876   0.3428   0.0156
1.5R       线性(基准:永远HOLD) 合并 26534    NaN 0.7068   0.7068   1.0000      NaN   0.0000
1.5R       线性(基准:永远EXIT) 合并 26534    NaN 0.2932      NaN   0.0000   0.2932   1.0000
1.5R          线性(基准:多数类) 合并 26534    NaN 0.7068   0.7068   1.0000      NaN   0.0000
2.0R            LightGBM 合并 32866 0.5068 0.6957   0.7136   0.9563   0.3259   0.0522
2.0R LightGBM(基准:永远HOLD) 合并 32866    NaN 0.7118   0.7118   1.0000      NaN   0.0000
2.0R LightGBM(基准:永远EXIT) 合并 32866    NaN 0.2882      NaN   0.0000   0.2882   1.0000
2.0R    LightGBM(基准:多数类) 合并 32866    NaN 0.7118   0.7118   1.0000      NaN   0.0000
2.0R                  线性 合并 32866 0.4938 0.7074   0.7134   0.9843   0.3769   0.0234
2.0R       线性(基准:永远HOLD) 合并 32866    NaN 0.7118   0.7118   1.0000      NaN   0.0000
2.0R       线性(基准:永远EXIT) 合并 32866    NaN 0.2882      NaN   0.0000   0.2882   1.0000
2.0R          线性(基准:多数类) 合并 32866    NaN 0.7118   0.7118   1.0000      NaN   0.0000
2.5R            LightGBM 合并 36804 0.5288 0.7017   0.7152   0.9644   0.3911   0.0562
2.5R LightGBM(基准:永远HOLD) 合并 36804    NaN 0.7108   0.7108   1.0000      NaN   0.0000
2.5R LightGBM(基准:永远EXIT) 合并 36804    NaN 0.2892      NaN   0.0000   0.2892   1.0000
2.5R    LightGBM(基准:多数类) 合并 36804    NaN 0.7108   0.7108   1.0000      NaN   0.0000
2.5R                  线性 合并 36804 0.5076 0.7068   0.7136   0.9815   0.4100   0.0317
2.5R       线性(基准:永远HOLD) 合并 36804    NaN 0.7108   0.7108   1.0000      NaN   0.0000
2.5R       线性(基准:永远EXIT) 合并 36804    NaN 0.2892      NaN   0.0000   0.2892   1.0000
2.5R          线性(基准:多数类) 合并 36804    NaN 0.7108   0.7108   1.0000      NaN   0.0000

=== 经济分离 ===
  目标       模型  预测EXIT_真实优势  预测HOLD_真实优势     两组差值
1.5R LightGBM     0.165763     0.414817 0.249053
1.5R       线性     0.087041     0.404931 0.317889
2.0R LightGBM     0.156364     0.492716 0.336352
2.0R       线性     0.156547     0.482743 0.326197
2.5R LightGBM     0.096827     0.549860 0.453033
2.5R       线性     0.234704     0.537262 0.302558

=== 策略回放 ===
  目标         退出方式  opportunity_curve_cumulative_R     夏普率   最大回撤     利润因子  交易次数  trade_total_R    平均交易R  提前退出比例  平均持有K线数
1.5R     LightGBM                          1.5704  1.2239 0.9383 1.059019  1614        54.1060 0.033523  0.1010   3.2051
1.5R           线性                          1.8459  1.4009 0.9718 1.068841  1614        63.5983 0.039404  0.0316   3.3203
1.5R 固定退出(永远HOLD)                          1.7623  1.3223 1.0787 1.067417  1614        63.0190 0.039045  0.0000   3.3544
1.5R     事后完美动态退出                         18.0213 12.4262 0.1034 3.491213  1614       862.7662 0.534552  0.4380   2.5576
2.0R     LightGBM                          1.8707  1.3262 1.0835 1.085733  1614        83.3007 0.051611  0.1444   4.1128
2.0R           线性                          1.8988  1.3040 1.1113 1.086572  1614        84.7554 0.052513  0.0558   4.2627
2.0R 固定退出(永远HOLD)                          1.5417  1.0680 1.1997 1.072186  1614        71.8787 0.044535  0.0000   4.3401
2.0R     事后完美动态退出                         22.1818 12.7678 0.1010 4.096279  1614      1075.1472 0.666138  0.5421   3.1722
2.5R     LightGBM                          2.5883  1.5734 1.5745 1.112172  1681       118.9484 0.070761  0.1588   4.7365
2.5R           线性                          2.5470  1.5870 1.4217 1.107563  1681       113.0077 0.067226  0.0821   4.7638
2.5R 固定退出(永远HOLD)                          2.2933  1.4395 1.4451 1.103170  1681       110.5241 0.065749  0.0000   4.8917
2.5R     事后完美动态退出                         26.0507 13.1484 0.1284 4.460186  1681      1275.5869 0.758826  0.5979   3.5312

M6_DONE
