
=== 各固定目标：固定退出 vs 事后动态退出 ===
  目标   退出方式  opportunity_curve_cumulative_R     夏普率   最大回撤     利润因子  交易次数  trade_total_R    平均交易R
1.5R   固定退出                          1.7623  1.3223 1.0787 1.067417  1614        63.0190 0.039045
1.5R 事后动态退出                         18.7236 12.4865 0.1034 3.596210  1614       899.1290 0.557081
2.0R   固定退出                          1.5417  1.0680 1.1997 1.072186  1614        71.8787 0.044535
2.0R 事后动态退出                         22.8724 12.8646 0.1010 4.210866  1614      1114.9364 0.690791
2.5R   固定退出                          2.2933  1.4395 1.4451 1.103170  1681       110.5241 0.065749
2.5R 事后动态退出                         27.3499 13.2970 0.1284 4.675770  1681      1355.0613 0.806104

=== 动态退出理论空间（按目标）===
  目标  固定退出夏普  事后动态退出夏普  夏普理论增量  固定机会集累计  事后机会集累计  样本数  平均理论退出增量      中位数      p90  正增量比例  零增量比例
1.5R  1.3223   12.4865 11.1642   1.7623  18.7236 1614  0.518036 0.000000 1.515531 0.4579 0.5421
2.0R  1.0680   12.8646 11.7966   1.5417  22.8724 1614  0.646256 0.333972 1.696380 0.5533 0.4467
2.5R  1.4395   13.2970 11.8575   2.2933  27.3499 1681  0.740355 0.511252 1.894727 0.6121 0.3879

=== 理论空间拆分（折/品种/方向）===
维度     取值   目标  样本数  平均理论退出增量      中位数      p90  正增量比例  零增量比例
整体    ALL 1.5R 1614  0.518036 0.000000 1.515531 0.4579 0.5421
 折     F1 1.5R  559  0.473216 0.000000 1.505974 0.4419 0.5581
 折     F2 1.5R  714  0.502622 0.000000 1.479509 0.4608 0.5392
 折     F3 1.5R  139  0.382306 0.000000 1.282366 0.3669 0.6331
 折     F4 1.5R  202  0.789950 0.549226 1.903691 0.5545 0.4455
品种     AG 1.5R  597  0.513184 0.000000 1.549710 0.4673 0.5327
品种     CU 1.5R  631  0.483553 0.000000 1.494843 0.4231 0.5769
品种      M 1.5R  223  0.693414 0.357492 1.789942 0.5381 0.4619
品种     RB 1.5R  163  0.429362 0.000000 1.273747 0.4479 0.5521
方向   FADE 1.5R  584  0.501153 0.000000 1.425170 0.4829 0.5171
方向 FOLLOW 1.5R 1030  0.527608 0.000000 1.541630 0.4437 0.5563
整体    ALL 2.0R 1614  0.646256 0.333972 1.696380 0.5533 0.4467
 折     F1 2.0R  559  0.584845 0.298015 1.562677 0.5385 0.4615
 折     F2 2.0R  714  0.637413 0.327729 1.680922 0.5490 0.4510
 折     F3 2.0R  139  0.598449 0.231980 1.715147 0.5252 0.4748
 折     F4 2.0R  202  0.880359 0.745838 2.030526 0.6287 0.3713
品种     AG 2.0R  597  0.680936 0.345065 1.737454 0.5745 0.4255
品种     CU 2.0R  631  0.593599 0.170055 1.639913 0.5166 0.4834
品种      M 2.0R  223  0.837782 0.695596 2.022866 0.6413 0.3587
品种     RB 2.0R  163  0.461061 0.000000 1.285658 0.4969 0.5031
方向   FADE 2.0R  584  0.607817 0.404787 1.633890 0.5736 0.4264
方向 FOLLOW 2.0R 1030  0.668051 0.278262 1.712619 0.5417 0.4583
整体    ALL 2.5R 1681  0.740355 0.511252 1.894727 0.6121 0.3879
 折     F1 2.5R  559  0.655700 0.390685 1.719105 0.5814 0.4186
 折     F2 2.5R  714  0.767691 0.553508 1.830951 0.6289 0.3711
 折     F3 2.5R  206  0.591655 0.271142 1.798195 0.5437 0.4563
 折     F4 2.5R  202  1.029647 0.886977 2.365850 0.7079 0.2921
品种     AG 2.5R  624  0.769105 0.507244 1.912480 0.6138 0.3862
品种     CU 2.5R  662  0.696745 0.445811 1.811953 0.5816 0.4184
品种      M 2.5R  227  0.914961 0.712253 2.273264 0.7181 0.2819
品种     RB 2.5R  168  0.569487 0.457415 1.467752 0.5833 0.4167
方向   FADE 2.5R  642  0.675752 0.464003 1.860937 0.6075 0.3925
方向 FOLLOW 2.5R 1039  0.780274 0.532405 1.912480 0.6150 0.3850

=== 当前强化学习提前退出诊断 ===
      模型  交易次数  提前退出次数  提前退出比例  改善次数   改善比例  恶化次数   恶化比例    平均退出增量  改善交易平均增量  恶化交易平均损失
LightGBM  1681     593  0.3528   285 0.4806   297 0.5008 -0.088810  0.819848 -0.964043
 XGBoost  1681     667  0.3968   324 0.4858   331 0.4963 -0.116146  0.809529 -1.026455
      线性  1681     831  0.4943   433 0.5211   381 0.4585 -0.070416  1.061026 -1.359423

M5_DONE
