
=== A. decile × 累计成功发生率（Logistic）===
 decile  事件数  success_by_6bar  success_by_12bar  success_by_24bar  success_by_48bar  success_by_96bar  最终tradable率
      1  890           0.1753            0.2921            0.4034            0.4652            0.5124       0.5360
      2  890           0.2067            0.3494            0.4865            0.5539            0.5674       0.5708
      3  890           0.1876            0.3416            0.4764            0.5360            0.5539       0.5640
      4  889           0.2362            0.4027            0.5174            0.5692            0.5984       0.6052
      5  890           0.2213            0.3697            0.5135            0.5663            0.5798       0.5831
      6  890           0.2236            0.3764            0.5079            0.5719            0.5978       0.6011
      7  889           0.2317            0.3667            0.4769            0.5489            0.5692       0.5703
      8  890           0.2236            0.3798            0.5225            0.6000            0.6303       0.6303
      9  890           0.2416            0.4034            0.4933            0.5652            0.5966       0.6011
     10  890           0.2539            0.4258            0.5427            0.6112            0.6303       0.6393

=== A'. 同期 Lift（相对全体）===
 decile  Lift_by_6bar  Lift_by_12bar  Lift_by_24bar  Lift_by_48bar  Lift_by_96bar
      1        0.7962         0.7878         0.8165         0.8325         0.8780
      2        0.9389         0.9424         0.9847         0.9913         0.9722
      3        0.8521         0.9214         0.9643         0.9592         0.9491
      4        1.0728         1.0862         1.0473         1.0187         1.0253
      5        1.0052         0.9971         1.0394         1.0135         0.9935
      6        1.0156         1.0152         1.0280         1.0235         1.0243
      7        1.0524         0.9891         0.9653         0.9823         0.9753
      8        1.0156         1.0244         1.0576         1.0738         1.0800
      9        1.0974         1.0880         0.9985         1.0115         1.0223
     10        1.1532         1.1485         1.0985         1.0938         1.0800

=== B. decile × 成功速度（Logistic）===
             模型  decile  事件数  成功事件数  成功中位bars  成功均值bars  失败中位bars
Model1_Logistic       1  890    477      11.0     23.49      13.0
Model1_Logistic       2  890    508       9.0     14.30      12.0
Model1_Logistic       3  890    502      10.0     22.57      12.0
Model1_Logistic       4  889    538       8.0     18.01      13.0
Model1_Logistic       5  890    519       9.0     14.65      12.0
Model1_Logistic       6  890    535       9.0     15.42      12.0
Model1_Logistic       7  889    507       9.0     14.44      11.0
Model1_Logistic       8  890    561      10.0     15.23      12.0
Model1_Logistic       9  890    535       9.0     15.27      12.0
Model1_Logistic      10  890    569       8.0     15.18      12.0

=== C. source_tf × decile（Logistic, success_by_24bar）===
source_tf     15m      1h      5m
decile                           
1          0.3891  0.3238  0.4045
2          0.4864  0.4667  0.5038
3          0.4514  0.4904  0.5019
4          0.4747  0.4857  0.5303
5          0.5136  0.4712  0.5227
6          0.5253  0.4571  0.5133
7          0.4436  0.4519  0.4981
8          0.5253  0.5048  0.5360
9          0.4591  0.4904  0.5019
10         0.5175  0.6190  0.5388

=== D. rollover 阈值敏感性 ===
 rollover_ATR阈值  RESOLVED  AMBIGUOUS  ROLL_CENSORED  END_CENSORED  base_rate  状态与10ATR不同  标签与10ATR不同
              3     21019         56            402             4     0.5888         402           0
              5     21421         56              0             4     0.5888           0           0
             10     21421         56              0             4     0.5888           0           0

PHASE1A_DONE
