[phase1] resolved=21421 features=103
[phase1] F1 done
[phase1] F2 done
[phase1] F3 done
[phase1] F4 done

=== label availability purge ===
 折  TRAIN原始  TRAIN可用  TRAIN因label未resolution删除  SELECTION原始  SELECTION可用  SELECTION因label未resolution删除  TEST
F1    10527    10520                         7         1996         1990                             6  2053
F2    12523    12517                         6         2053         2043                            10  2165
F3    14576    14566                        10         2165         2160                             5  2133
F4    16741    16736                         5         2133         2121                            12  2547

=== 总体 ===
   n  base_rate    AUC  PR_AUC    Brier  Lift@10  Lift@20  Lift@30  Lift@50                         模型  decile_spearman
8898     0.5901 0.4945  0.5803 0.241908   0.9492   0.9487   0.9790   0.9838 Baseline1_symbol_source_tf          -0.1094
8898     0.5901 0.5282  0.6095 0.246815   1.0846   1.0516   1.0565   1.0310            Model1_Logistic           0.8061
8898     0.5901 0.4980  0.5845 0.259637   0.9836   1.0001   0.9974   0.9952            Model2_LightGBM          -0.1879
8898     0.5901    NaN     NaN      NaN      NaN      NaN      NaN      NaN        Baseline0_base_rate              NaN

=== 4 折 ===
 折                         模型    n  base_rate    AUC  PR_AUC  Brier  Lift@10  Lift@20  Lift@30  Lift@50
F1 Baseline1_symbol_source_tf 2053     0.5981 0.4691  0.5829 0.2405   0.9623   0.9949   0.9841   0.9630
F1            Model1_Logistic 2053     0.5981 0.5191  0.6127 0.2565   0.9868   1.0031   1.0167   1.0184
F1            Model2_LightGBM 2053     0.5981 0.4705  0.5636 0.2713   0.8155   0.9175   0.9406   0.9712
F2 Baseline1_symbol_source_tf 2165     0.5986 0.5219  0.6040 0.2403   0.9590   0.9568   1.0090   1.0283
F2            Model1_Logistic 2165     0.5986 0.5249  0.6100 0.2452   1.1059   1.0108   1.0013   1.0236
F2            Model2_LightGBM 2165     0.5986 0.5197  0.6141 0.2538   0.9745   1.0340   1.0167   1.0144
F3 Baseline1_symbol_source_tf 2133     0.5917 0.5244  0.6048 0.2415   1.0554   1.0316   1.0342   1.0322
F3            Model1_Logistic 2133     0.5917 0.5415  0.6404 0.2410   1.1585   1.1109   1.0659   1.0591
F3            Model2_LightGBM 2133     0.5917 0.4836  0.5854 0.2598   1.0395   1.0117   0.9892   0.9783
F4 Baseline1_symbol_source_tf 2547     0.5752 0.4778  0.5573 0.2447   0.9377   0.9222   0.9626   0.9615
F4            Model1_Logistic 2547     0.5752 0.5260  0.5952 0.2453   1.0815   1.1101   1.0673   1.0175
F4            Model2_LightGBM 2547     0.5752 0.5072  0.5876 0.2551   1.0130   1.0179   1.0263   1.0093

=== 4 品种 ===
品种                         模型   n  base_rate    AUC  PR_AUC  Brier  Lift@10  Lift@20  Lift@30  Lift@50
AG Baseline1_symbol_source_tf 562     0.6530 0.4797  0.6433 0.2308   0.9024   0.9161   0.9571   0.9864
CU Baseline1_symbol_source_tf 591     0.5685 0.4708  0.5505 0.2458   0.8646   0.8049   0.9142   0.9778
 M Baseline1_symbol_source_tf 383     0.5718 0.4862  0.5682 0.2453   0.8284   0.9205   0.9665   1.0347
RB Baseline1_symbol_source_tf 517     0.5919 0.4825  0.5784 0.2416   0.9938   0.9350   0.9265   0.9954
AG            Model1_Logistic 562     0.6530 0.5381  0.6964 0.2485   1.0665   1.0801   1.0209   1.0681
CU            Model1_Logistic 591     0.5685 0.4611  0.5307 0.2834   0.7751   0.8347   0.8844   0.9301
 M            Model1_Logistic 383     0.5718 0.5363  0.6085 0.2456   1.1045   1.1045   1.0432   1.0438
RB            Model1_Logistic 517     0.5919 0.5350  0.6214 0.2425   1.0601   1.0826   1.0464   1.0281
AG            Model2_LightGBM 562     0.6530 0.4858  0.6358 0.2598   1.0118   0.9161   0.9753   0.9809
CU            Model2_LightGBM 591     0.5685 0.4398  0.5069 0.3002   0.6261   0.7155   0.8546   0.9480
 M            Model2_LightGBM 383     0.5718 0.5335  0.5748 0.2546   1.0585   0.9435   0.9665   1.0621
RB            Model2_LightGBM 517     0.5919 0.4542  0.5835 0.2632   0.9276   0.9350   0.8938   0.9430
AG Baseline1_symbol_source_tf 602     0.5449 0.4997  0.5471 0.2496   1.0095   1.0400   0.9891   1.0122
CU Baseline1_symbol_source_tf 591     0.6193 0.4610  0.5981 0.2368   1.0126   0.9442   0.9123   0.9798
 M Baseline1_symbol_source_tf 478     0.6506 0.5195  0.6594 0.2311   1.0138   1.0840   1.0426   1.0289
RB Baseline1_symbol_source_tf 494     0.5891 0.4847  0.5780 0.2421   0.9354   0.9701   0.9406   0.9622
AG            Model1_Logistic 602     0.5449 0.5555  0.5886 0.2467   1.1930   1.1012   1.0910   1.0793
CU            Model1_Logistic 591     0.6193 0.4599  0.5849 0.2581   0.9305   1.0263   0.9305   0.9360
 M            Model1_Logistic 478     0.6506 0.5216  0.6803 0.2306   1.2427   1.1163   0.9996   0.9775
RB            Model1_Logistic 494     0.5891 0.5410  0.6134 0.2419   1.0740   1.0740   1.1356   1.0447
AG            Model2_LightGBM 602     0.5449 0.4720  0.5108 0.2793   0.7036   0.8718   0.9687   0.9329
CU            Model2_LightGBM 591     0.6193 0.5608  0.6847 0.2422   1.1769   1.1632   1.0309   1.0783
 M            Model2_LightGBM 478     0.6506 0.5431  0.7037 0.2388   1.2427   1.1972   1.1178   1.0161
RB            Model2_LightGBM 494     0.5891 0.4999  0.5734 0.2512   0.7622   0.9008   0.9520   0.9759
AG Baseline1_symbol_source_tf 677     0.5953 0.5006  0.5958 0.2410   0.9026   1.0204   1.0675   1.0238
CU Baseline1_symbol_source_tf 508     0.6319 0.5146  0.6405 0.2344   1.0761   1.0185   0.9891   0.9969
 M Baseline1_symbol_source_tf 464     0.5517 0.5519  0.5845 0.2484   1.3003   1.1427   1.0432   1.0391
RB Baseline1_symbol_source_tf 484     0.5826 0.5207  0.5915 0.2431   1.1442   1.0012   1.0180   1.0426
AG            Model1_Logistic 677     0.5953 0.5559  0.6758 0.2388   1.3038   1.1822   1.1337   1.0537
CU            Model1_Logistic 508     0.6319 0.5305  0.6684 0.2356   1.1711   1.0028   1.0203   1.0654
 M            Model1_Logistic 464     0.5517 0.5535  0.6067 0.2447   1.1821   1.1427   1.0562   1.0469
RB            Model1_Logistic 484     0.5826 0.5095  0.5864 0.2462   0.8939   1.0727   1.0180   1.0213
AG            Model2_LightGBM 677     0.5953 0.4549  0.5898 0.2727   1.0531   1.0453   0.9930   0.9443
CU            Model2_LightGBM 508     0.6319 0.5279  0.6593 0.2402   1.1394   1.1282   1.0307   1.0405
 M            Model2_LightGBM 464     0.5517 0.4757  0.5175 0.2641   0.8668   0.9062   0.9519   0.9687
RB            Model2_LightGBM 484     0.5826 0.4862  0.5646 0.2582   0.9297   0.9475   0.9469   1.0000
AG Baseline1_symbol_source_tf 792     0.5821 0.5169  0.5909 0.2432   0.8046   1.0330   1.0149   1.0195
CU Baseline1_symbol_source_tf 701     0.5906 0.5043  0.5896 0.2417   0.9192   0.8829   0.9192   0.9869
 M Baseline1_symbol_source_tf 496     0.5806 0.4507  0.5562 0.2440   0.8787   0.9916   0.9542   0.9583
RB Baseline1_symbol_source_tf 558     0.5412 0.4659  0.5273 0.2513   0.9070   0.9987   0.9404   0.9536
AG            Model1_Logistic 792     0.5821 0.5316  0.6131 0.2451   1.1526   1.1743   1.0583   1.0542
CU            Model1_Logistic 701     0.5906 0.5505  0.6252 0.2407   1.1369   1.1853   1.0563   1.0401
 M            Model1_Logistic 496     0.5806 0.5564  0.6401 0.2419   1.1599   1.1134   1.1171   1.0833
RB            Model1_Logistic 558     0.5412 0.4675  0.5140 0.2542   0.8063   0.9155   0.9294   0.9205
AG            Model2_LightGBM 792     0.5821 0.5509  0.6217 0.2475   1.0439   1.0656   1.0511   1.0759
CU            Model2_LightGBM 701     0.5906 0.5146  0.6140 0.2522   1.0401   1.0401   1.0643   1.0498
 M            Model2_LightGBM 496     0.5806 0.4687  0.6135 0.2636   1.1950   1.1134   1.0706   0.9792
RB            Model2_LightGBM 558     0.5412 0.4856  0.5203 0.2618   0.8399   0.8822   0.9736   0.9669

=== source_tf ===
source_tf                         模型    n  base_rate    AUC  PR_AUC  Brier  Lift@10  Lift@20  Lift@30  Lift@50
      15m Baseline1_symbol_source_tf  614     0.5619 0.4751  0.5511 0.2472   0.9920   1.0649   1.0059   1.0087
       1h Baseline1_symbol_source_tf  204     0.6176 0.4976  0.6260 0.2368   1.2143   1.0929   1.0882   0.9841
       5m Baseline1_symbol_source_tf 1235     0.6130 0.4703  0.6004 0.2378   0.9019   0.9908   0.9745   0.9704
      15m            Model1_Logistic  614     0.5619 0.5085  0.5725 0.2646   0.9044   0.9336   1.0349   1.0029
       1h            Model1_Logistic  204     0.6176 0.5708  0.6844 0.2490   1.2143   1.0929   1.0617   1.0635
       5m            Model1_Logistic 1235     0.6130 0.5152  0.6233 0.2537   0.9683   1.0238   0.9921   1.0154
      15m            Model2_LightGBM  614     0.5619 0.4440  0.5097 0.2882   0.7586   0.7877   0.8802   0.9507
       1h            Model2_LightGBM  204     0.6176 0.5214  0.6038 0.2541   0.7286   0.9714   0.9820   1.0476
       5m            Model2_LightGBM 1235     0.6130 0.4756  0.5867 0.2658   0.9019   0.9643   0.9436   0.9704
      15m Baseline1_symbol_source_tf  627     0.5805 0.5160  0.5846 0.2435   0.8613   0.9508   0.9620   1.0346
       1h Baseline1_symbol_source_tf  277     0.6137 0.5474  0.6344 0.2375   0.9052   1.0369   1.0208   1.0509
       5m Baseline1_symbol_source_tf 1261     0.6043 0.5237  0.6124 0.2393   0.8668   0.9653   1.0025   1.0271
      15m            Model1_Logistic  627     0.5805 0.5313  0.6104 0.2481   1.1947   1.0335   1.0628   1.0456
       1h            Model1_Logistic  277     0.6137 0.5377  0.6370 0.2423   1.0863   1.1258   1.0601   1.0272
       5m            Model1_Logistic 1261     0.6043 0.5189  0.6082 0.2444   1.0770   0.9850   0.9763   1.0087
      15m            Model2_LightGBM  627     0.5805 0.5255  0.6085 0.2562   1.0557   1.0335   0.9987   1.0346
       1h            Model2_LightGBM  277     0.6137 0.5151  0.6308 0.2620   0.9052   1.0961   1.0797   0.9918
       5m            Model2_LightGBM 1261     0.6043 0.5188  0.6146 0.2508   0.8931   1.0179   1.0288   1.0139
      15m Baseline1_symbol_source_tf  619     0.5703 0.5366  0.5909 0.2452   1.0349   1.0265   1.0142   1.0782
       1h Baseline1_symbol_source_tf  251     0.5618 0.5152  0.5755 0.2469   1.0681   0.9969   1.0681   1.0823
       5m Baseline1_symbol_source_tf 1263     0.6081 0.5046  0.6081 0.2386   0.9658   1.0311   0.9832   1.0008
      15m            Model1_Logistic  619     0.5703 0.5186  0.6037 0.2461   1.0349   1.0407   1.0142   1.0272
       1h            Model1_Logistic  251     0.5618 0.5537  0.6399 0.2443   1.2817   1.1749   1.0443   1.0681
       5m            Model1_Logistic 1263     0.6081 0.5527  0.6620 0.2379   1.1877   1.1159   1.0920   1.0686
      15m            Model2_LightGBM  619     0.5703 0.4753  0.5613 0.2684   0.9199   1.0550   0.9763   0.9761
       1h            Model2_LightGBM  251     0.5618 0.4518  0.5259 0.2780   0.7833   0.8545   0.9019   0.9399
       5m            Model2_LightGBM 1263     0.6081 0.4941  0.6181 0.2519   1.1747   0.9985   0.9702   0.9825
      15m Baseline1_symbol_source_tf  710     0.5873 0.5344  0.6061 0.2423   1.1031   1.0192   1.0552   1.0504
       1h Baseline1_symbol_source_tf  314     0.5892 0.4566  0.5560 0.2422   0.7118   0.7391   0.8848   0.9297
       5m Baseline1_symbol_source_tf 1523     0.5666 0.4681  0.5478 0.2464   0.9288   0.9230   0.9133   0.9415
      15m            Model1_Logistic  710     0.5873 0.5461  0.6248 0.2424   1.0791   1.1631   1.0631   1.0552
       1h            Model1_Logistic  314     0.5892 0.5387  0.6326 0.2406   1.0950   1.1224   1.0653   1.0378
       5m            Model1_Logistic 1523     0.5666 0.5149  0.5783 0.2475   1.0333   1.0914   1.0488   1.0018
      15m            Model2_LightGBM  710     0.5873 0.5447  0.6255 0.2474   1.0312   1.0312   1.1031   1.0552
       1h            Model2_LightGBM  314     0.5892 0.4806  0.5939 0.2620   1.0950   0.9855   0.9570   0.9730
       5m            Model2_LightGBM 1523     0.5666 0.4946  0.5702 0.2572   0.9985   0.9811   0.9946   0.9879

=== Lift ===
                        模型  coverage  事件数  实际tradable率  precision  recall   lift  base_rate
Baseline1_symbol_source_tf       0.1  889       0.5602     0.5602  0.0948 0.9492     0.5901
Baseline1_symbol_source_tf       0.2 1779       0.5599     0.5599  0.1897 0.9487     0.5901
Baseline1_symbol_source_tf       0.3 2669       0.5777     0.5777  0.2937 0.9790     0.5901
Baseline1_symbol_source_tf       0.5 4449       0.5806     0.5806  0.4919 0.9838     0.5901
           Model1_Logistic       0.1  889       0.6400     0.6400  0.1084 1.0846     0.5901
           Model1_Logistic       0.2 1779       0.6206     0.6206  0.2102 1.0516     0.5901
           Model1_Logistic       0.3 2669       0.6235     0.6235  0.3169 1.0565     0.5901
           Model1_Logistic       0.5 4449       0.6085     0.6085  0.5155 1.0310     0.5901
           Model2_LightGBM       0.1  889       0.5804     0.5804  0.0983 0.9836     0.5901
           Model2_LightGBM       0.2 1779       0.5902     0.5902  0.2000 1.0001     0.5901
           Model2_LightGBM       0.3 2669       0.5886     0.5886  0.2992 0.9974     0.5901
           Model2_LightGBM       0.5 4449       0.5873     0.5873  0.4976 0.9952     0.5901

=== DEDUP ===
          集合   事件数  base_rate
  ALL_EVENTS 21421     0.5888
DEDUP_EVENTS 15055     0.5884

PHASE1_DONE
