[RL] trajectory rows=614330
[RL] test events=8234, traded=1681
[load_base] idx/rewards/gaps loaded; n_kept=19940
[load_base] state parquet loaded + meta built
[load_base] action parquet + 62d features built; snap_rows=(119640, 62)
[RL] features=96 (categorical encoded=14)
[RL] F1: train rows=113073
[RL]   step 11: rows=4058
[RL]   step 10: rows=4564
[RL]   step 9: rows=5112
[RL]   step 8: rows=5748
[RL]   step 7: rows=6512
[RL]   step 6: rows=7342
[RL]   step 5: rows=8440
[RL]   step 4: rows=9746
[RL]   step 3: rows=11325
[RL]   step 2: rows=13455
[RL]   step 1: rows=16229
[RL] F1: test episodes=559
[RL] F1 done
[RL] F2: train rows=134603
[RL]   step 11: rows=4804
[RL]   step 10: rows=5400
[RL]   step 9: rows=6072
[RL]   step 8: rows=6838
[RL]   step 7: rows=7745
[RL]   step 6: rows=8740
[RL]   step 5: rows=10060
[RL]   step 4: rows=11619
[RL]   step 3: rows=13537
[RL]   step 2: rows=16037
[RL]   step 1: rows=19345
[RL] F2: test episodes=714
[RL] F2 done
[RL] F3: train rows=156084
[RL]   step 11: rows=5591
[RL]   step 10: rows=6263
[RL]   step 9: rows=7058
[RL]   step 8: rows=7945
[RL]   step 7: rows=8972
[RL]   step 6: rows=10146
[RL]   step 5: rows=11670
[RL]   step 4: rows=13500
[RL]   step 3: rows=15691
[RL]   step 2: rows=18557
[RL]   step 1: rows=22389
[RL] F3: test episodes=206
[RL] F3 done
[RL] F4: train rows=179785
[RL]   step 11: rows=6497
[RL]   step 10: rows=7274
[RL]   step 9: rows=8176
[RL]   step 8: rows=9197
[RL]   step 7: rows=10374
[RL]   step 6: rows=11735
[RL]   step 5: rows=13466
[RL]   step 4: rows=15535
[RL]   step 3: rows=18018
[RL]   step 2: rows=21325
[RL]   step 1: rows=25713
[RL] F4: test episodes=202
[RL] F4 done

=== 强化学习 vs 固定退出（整体）===
      模型 退出方式  opportunity_curve_cumulative_R    夏普率   最大回撤     利润因子  交易次数  trade_total_R    平均交易R  提前退出比例  平均持有K线数
LightGBM 固定退出                          2.2933 1.4395 1.4451 1.103170  1681       110.5241 0.065749  0.0000      NaN
LightGBM 动态退出                          1.2042 0.8227 1.2787 1.060080  1681        57.8600 0.034420  0.3528   3.9334
 XGBoost 固定退出                          2.2933 1.4395 1.4451 1.103170  1681       110.5241 0.065749  0.0000      NaN
 XGBoost 动态退出                          0.6778 0.4936 1.5782 1.034828  1681        33.0549 0.019664  0.3968   3.7722
      线性 固定退出                          2.2933 1.4395 1.4451 1.103170  1681       110.5241 0.065749  0.0000      NaN
      线性 动态退出                          1.5344 1.1915 1.1192 1.066019  1681        52.0083 0.030939  0.4943   2.7733

=== 净增量 ===
      模型  固定退出夏普  动态退出夏普    夏普差值  固定退出机会集累计  动态退出机会集累计  机会集累计差值  固定退出trade_total_R  动态退出trade_total_R  提前退出比例  平均持有K线数
      线性  1.4395  1.1915 -0.2480     2.2933     1.5344  -0.7589           110.5241            52.0083  0.4943   2.7733
LightGBM  1.4395  0.8227 -0.6168     2.2933     1.2042  -1.0891           110.5241            57.8600  0.3528   3.9334
 XGBoost  1.4395  0.4936 -0.9459     2.2933     0.6778  -1.6155           110.5241            33.0549  0.3968   3.7722

=== 分折 ===
 折       模型 退出方式  opportunity_curve_cumulative_R     夏普率   最大回撤     利润因子  交易次数  trade_total_R     平均交易R  提前退出比例  平均持有K线数
F1 LightGBM 固定退出                          0.9708  2.7874 0.6003 1.124017   559        43.3279  0.077510  0.0000      NaN
F1 LightGBM 动态退出                         -0.0743 -0.2257 0.7606 0.994664   559        -1.7544 -0.003138  0.3524   3.7871
F1  XGBoost 固定退出                          0.9708  2.7874 0.6003 1.124017   559        43.3279  0.077510  0.0000      NaN
F1  XGBoost 动态退出                          0.3904  1.2833 0.5458 1.058173   559        17.6610  0.031594  0.4079   3.5564
F1       线性 固定退出                          0.9708  2.7874 0.6003 1.124017   559        43.3279  0.077510  0.0000      NaN
F1       线性 动态退出                          0.4188  1.3023 0.6717 1.022970   559         5.8748  0.010509  0.4973   2.5206
F2 LightGBM 固定退出                          1.4861  2.5765 1.1078 1.212969   714        91.9099  0.128725  0.0000      NaN
F2 LightGBM 动态退出                          1.4375  2.7659 0.8999 1.212468   714        81.2114  0.113741  0.3445   4.2017
F2  XGBoost 固定退出                          1.4861  2.5765 1.1078 1.212969   714        91.9099  0.128725  0.0000      NaN
F2  XGBoost 动态退出                          0.7316  1.5441 1.1402 1.139944   714        55.1786  0.077281  0.3810   4.0112
F2       线性 固定退出                          1.4861  2.5765 1.1078 1.212969   714        91.9099  0.128725  0.0000      NaN
F2       线性 动态退出                          1.0730  2.5147 0.7804 1.183180   714        56.3865  0.078973  0.5238   2.7521
F3 LightGBM 固定退出                          0.4500  1.6552 0.7270 1.170054   206        21.3079  0.103437  0.0000      NaN
F3 LightGBM 动态退出                          0.1396  0.5235 0.9377 1.046738   206         5.5825  0.027099  0.3107   4.2621
F3  XGBoost 固定退出                          0.4500  1.6552 0.7270 1.170054   206        21.3079  0.103437  0.0000      NaN
F3  XGBoost 动态退出                          0.1035  0.4140 0.9818 1.018917   206         2.1736  0.010552  0.3932   4.1214
F3       线性 固定退出                          0.4500  1.6552 0.7270 1.170054   206        21.3079  0.103437  0.0000      NaN
F3       线性 动态退出                          0.3425  1.4584 0.5368 1.190817   206        18.3558  0.089106  0.4806   3.1602
F4 LightGBM 固定退出                         -0.6136 -1.9796 1.0219 0.721146   202       -46.0216 -0.227830  0.0000      NaN
F4 LightGBM 动态退出                         -0.2986 -1.0720 0.6877 0.795078   202       -27.1794 -0.134552  0.4257   3.0545
F4  XGBoost 固定退出                         -0.6136 -1.9796 1.0219 0.721146   202       -46.0216 -0.227830  0.0000      NaN
F4  XGBoost 动态退出                         -0.5477 -1.8183 0.8727 0.692179   202       -41.9582 -0.207714  0.4257   3.1683
F4       线性 固定退出                         -0.6136 -1.9796 1.0219 0.721146   202       -46.0216 -0.227830  0.0000      NaN
F4       线性 动态退出                         -0.3000 -1.1283 0.7006 0.776495   202       -28.6087 -0.141627  0.3960   3.1535

=== 分品种 ===
品种       模型 退出方式  opportunity_curve_cumulative_R     夏普率   最大回撤     利润因子  交易次数  trade_total_R     平均交易R  提前退出比例  平均持有K线数
AG LightGBM 固定退出                          0.5913  0.1857 3.3004 1.070818   624        28.2176  0.045220  0.0000      NaN
AG LightGBM 动态退出                          0.2490  0.0897 3.2742 1.064274   624        22.5464  0.036132  0.3221   3.4840
AG  XGBoost 固定退出                          0.5913  0.1857 3.3004 1.070818   624        28.2176  0.045220  0.0000      NaN
AG  XGBoost 动态退出                         -0.7257 -0.2554 3.2312 1.055346   624        19.0545  0.030536  0.3862   3.4696
AG       线性 固定退出                          0.5913  0.1857 3.3004 1.070818   624        28.2176  0.045220  0.0000      NaN
AG       线性 动态退出                          0.1557  0.0650 2.4810 1.046979   624        13.4303  0.021523  0.4792   2.4760
CU LightGBM 固定退出                          6.3769  1.5836 2.8875 1.195592   662        80.2571  0.121234  0.0000      NaN
CU LightGBM 动态退出                          4.5723  1.3438 2.5956 1.162183   662        59.3687  0.089681  0.3520   4.0498
CU  XGBoost 固定退出                          6.3769  1.5836 2.8875 1.195592   662        80.2571  0.121234  0.0000      NaN
CU  XGBoost 动态退出                          3.8093  1.1537 3.0270 1.136445   662        48.6492  0.073488  0.3958   3.7281
CU       线性 固定退出                          6.3769  1.5836 2.8875 1.195592   662        80.2571  0.121234  0.0000      NaN
CU       线性 动态退出                          4.4575  1.3894 2.7249 1.184432   662        56.0285  0.084635  0.4713   3.0725
 M LightGBM 固定退出                         -4.2220 -1.8198 4.5704 0.765032   227       -40.8413 -0.179917  0.0000      NaN
 M LightGBM 动态退出                         -3.6879 -1.6678 4.4616 0.768097   227       -37.1422 -0.163622  0.4053   4.5463
 M  XGBoost 固定退出                         -4.2220 -1.8198 4.5704 0.765032   227       -40.8413 -0.179917  0.0000      NaN
 M  XGBoost 动态退出                         -4.4591 -2.1118 5.0649 0.706838   227       -47.4395 -0.208985  0.4273   4.4670
 M       线性 固定退出                         -4.2220 -1.8198 4.5704 0.765032   227       -40.8413 -0.179917  0.0000      NaN
 M       线性 动态退出                         -2.0012 -1.4716 2.2166 0.745983   227       -33.0922 -0.145781  0.5507   2.8855
RB LightGBM 固定退出                          0.1348  0.0972 2.3554 1.483664   168        42.8908  0.255302  0.0000      NaN
RB LightGBM 动态退出                         -1.6973 -1.2255 3.0441 1.152101   168        13.0871  0.077899  0.3988   4.3155
RB  XGBoost 固定退出                          0.1348  0.0972 2.3554 1.483664   168        42.8908  0.255302  0.0000      NaN
RB  XGBoost 动态退出                         -1.2501 -1.0619 2.3774 1.147961   168        12.7908  0.076136  0.3988   4.1310
RB       线性 固定退出                          0.1348  0.0972 2.3554 1.483664   168        42.8908  0.255302  0.0000      NaN
RB       线性 动态退出                         -0.6121 -0.4772 1.5449 1.230588   168        15.6418  0.093106  0.5655   2.5476

RL_DONE
