[load_base] idx/rewards/gaps loaded; n_kept=19940
[load_base] state parquet loaded + meta built
[load_base] action parquet + 62d features built; snap_rows=(119640, 62)
[M8] events=19940, 方向优势 std=2.4077
[M8] event features=106 (62维中事件级不变 12)
[M8] F1: train=9837 test=1868
[M8] F2: train=11706 test=2003
[M8] F3: train=13574 test=1976
[M8] F4: train=15577 test=2387
[M8] D-LightGBM done
[M8] D-Ridge done

=== D 模型回归 ===
      模型 范围  事件数     皮尔逊    斯皮尔曼      MAE     RMSE
LightGBM 合并 8234 -0.0033 -0.0187 2.151857 2.517039
LightGBM F1 1868 -0.0229 -0.0348 2.228966 2.560867
LightGBM F2 2003  0.0388  0.0190 2.121049 2.464579
LightGBM F3 1976 -0.0263 -0.0321 2.170353 2.545249
LightGBM F4 2387 -0.0011 -0.0226 2.102055 2.502479
   Ridge 合并 8234 -0.0149 -0.0127 2.147912 2.510242
   Ridge F1 1868 -0.0507 -0.0526 2.293660 2.676078
   Ridge F2 2003  0.0170  0.0167 2.122299 2.449265
   Ridge F3 1976 -0.0045 -0.0174 2.126477 2.470754
   Ridge F4 2387  0.0233  0.0166 2.073090 2.458624

=== D 模型十分位 ===
      模型  十分位  事件数  预测方向优势均值  真实方向优势均值  FOLLOW事后较优比例
LightGBM    1  824 -1.088747  0.020071        0.4405
LightGBM    2  824 -0.575317 -0.045971        0.4284
LightGBM    3  822 -0.348330  0.187690        0.4684
LightGBM    4  824 -0.203478 -0.135324        0.3968
LightGBM    5  823 -0.067764  0.047357        0.4228
LightGBM    6  823  0.063922 -0.020981        0.4204
LightGBM    7  824  0.209310 -0.035567        0.4163
LightGBM    8  823  0.376952 -0.166728        0.4022
LightGBM    9  824  0.612067 -0.049012        0.4296
LightGBM   10  823  1.237421 -0.061112        0.4228
   Ridge    1  824 -1.235970  0.071927        0.4660
   Ridge    2  823 -0.464566  0.028983        0.4411
   Ridge    3  823 -0.281213 -0.136044        0.3998
   Ridge    4  824 -0.163247  0.069901        0.4308
   Ridge    5  823 -0.066937 -0.023298        0.4228
   Ridge    6  823  0.024250  0.008856        0.4058
   Ridge    7  824  0.122993 -0.179085        0.4005
   Ridge    8  823  0.238465 -0.011373        0.4399
   Ridge    9  823  0.391801  0.013537        0.4423
   Ridge   10  824  0.853696 -0.103336        0.3993

=== 方向分类 ===
                模型  样本数    AUC    准确率  FOLLOW精确率  FOLLOW召回率  FADE精确率  FADE召回率
        D-LightGBM 7074 0.4930 0.4934     0.4878     0.4911   0.4989   0.4955
     always_FOLLOW 7074 0.5000 0.4945     0.4945     1.0000      NaN   0.0000
       always_FADE 7074 0.5000 0.5055        NaN     0.0000   0.5055   1.0000
      random_50_50 7074 0.4972 0.4966     0.4910     0.4914   0.5021   0.5017
majority_direction 7074 0.5000 0.5055        NaN     0.0000   0.5055   1.0000
           D-Ridge 7074 0.4919 0.4990     0.4932     0.4737   0.5043   0.5238
     always_FOLLOW 7074 0.5000 0.4945     0.4945     1.0000      NaN   0.0000
       always_FADE 7074 0.5000 0.5055        NaN     0.0000   0.5055   1.0000
      random_50_50 7074 0.4972 0.4966     0.4910     0.4914   0.5021   0.5017
majority_direction 7074 0.5000 0.5055        NaN     0.0000   0.5055   1.0000

=== 经济方向增量 ===
        模型  事件数   模型方向平均R  always_FOLLOW平均R  always_FADE平均R  random方向期望R  oracle方向平均R  方向命中率  相对random增量
D-LightGBM 8234 -0.058030         -0.050254       -0.024256    -0.037255     0.999927 0.4934   -0.020775
   D-Ridge 8234 -0.045846         -0.050254       -0.024256    -0.037255     0.999927 0.5009   -0.008591

=== Q×D 交叉 ===
 折                 组合  opportunity_curve_cumulative_R     夏普率   最大回撤     利润因子  交易事件数  trade_total_R       平均R
F1 A_无筛选+alwaysFOLLOW                          0.2195  0.3160 1.3333 1.031201   1868        34.3902  0.018410
F1         B_无筛选+模型方向                         -1.1423 -1.5120 1.9769 0.938461   1868       -72.4623 -0.038791
F1 C_Q筛选+alwaysFOLLOW                         -0.0929 -0.1877 0.8034 1.007164    839         3.4979  0.004169
F1         D_Q筛选+模型方向                         -1.0876 -2.3651 1.9455 0.892876    839       -57.0968 -0.068053
F2 A_无筛选+alwaysFOLLOW                         -0.6113 -0.6796 2.6670 0.959194   2003       -49.5134 -0.024720
F2         B_无筛选+模型方向                         -1.3137 -1.7188 1.6930 0.939282   2003       -74.8979 -0.037393
F2 C_Q筛选+alwaysFOLLOW                          1.0118  1.8642 1.1298 1.091515    778        40.8844  0.052551
F2         D_Q筛选+模型方向                         -0.2287 -0.3975 1.4262 0.969747    778       -14.4728 -0.018603
F3 A_无筛选+alwaysFOLLOW                         -2.7188 -2.9084 3.4303 0.902720   1976      -121.6769 -0.061577
F3         B_无筛选+模型方向                         -2.4116 -2.9322 3.1630 0.911588   1976      -109.1680 -0.055247
F3 C_Q筛选+alwaysFOLLOW                         -1.3879 -4.2557 1.6095 0.730516    364       -67.3147 -0.184931
F3         D_Q筛选+模型方向                         -1.3028 -3.8046 1.6985 0.721012    364       -68.6799 -0.188681
F4 A_无筛选+alwaysFOLLOW                         -4.9148 -5.5324 5.6704 0.828376   2387      -276.9905 -0.116041
F4         B_无筛选+模型方向                         -5.0779 -6.5579 5.3870 0.856491   2387      -221.2895 -0.092706
F4 C_Q筛选+alwaysFOLLOW                          0.0825  0.4336 0.3629 1.012061    264         1.8269  0.006920
F4         D_Q筛选+模型方向                         -0.7668 -3.6349 1.1253 0.775431    264       -37.1141 -0.140584

=== 1.5/2.0/2.5R 方向稳健性 ===
      模型  目标R  方向命中率   模型方向平均R  always_FOLLOW平均R  always_FADE平均R  random方向期望R    经济方向增量
LightGBM 1.5R 0.4928 -0.059821         -0.053673       -0.035926    -0.044799 -0.015021
LightGBM 2.0R 0.4926 -0.057308         -0.048057       -0.021904    -0.034981 -0.022327
LightGBM 2.5R 0.4915 -0.056961         -0.049032       -0.014938    -0.031985 -0.024976
   Ridge 1.5R 0.5007 -0.052021         -0.053673       -0.035926    -0.044799 -0.007221
   Ridge 2.0R 0.5012 -0.042057         -0.048057       -0.021904    -0.034981 -0.007076
   Ridge 2.5R 0.5016 -0.043460         -0.049032       -0.014938    -0.031985 -0.011475

=== 特征组消融 ===
            变体  特征数  方向斯皮尔曼
           ALL  106 -0.0187
 ALL minus DSA   97 -0.0080
ALL minus OB属性   85 -0.0003
  ALL minus 其他  103 -0.0112
  ALL minus 动量   97 -0.0221
  ALL minus 结构   84  0.0108
  ALL minus 趋势   94 -0.0027
ALL minus 风险几何   76 -0.0059

M8_DONE
