[load_base] idx/rewards/gaps loaded; n_kept=19940
[load_base] state parquet loaded + meta built
[load_base] action parquet + 62d features built; snap_rows=(119640, 62)
[build_temporal] start; syms=['M', 'RB', 'AG', 'CU']
[build_panel] loading precomputed panel research/analysis_results/m2/temporal_market_panel.parquet
[build_panel] cached panels for ['AG', 'CU', 'M', 'RB']
[build_temporal] M: panel built; building features
[build_temporal] RB: panel built; building features
[build_temporal] AG: panel built; building features
[build_temporal] CU: panel built; building features
[temporal-join] {'action_rows': 119640, 'temporal_event_rows': 19940, 'unique_candidate_id_count': 19940, 'rows_with_temporal_data': 119640, 'rows_all_temporal_nan': 0, 'events_with_temporal_data': 19940, 'events_all_temporal_nan': 0, 'temporal_cols': 24}
[M7] F1 pool=13574
[M7] F2 pool=15577
[M7] F3 pool=17553
[M7] F4 pool=19940
[M7]   1.5R F1 done
[M7]   1.5R F2 done
[M7]   1.5R F3 done
[M7]   1.5R F4 done
[M7]   2.0R F1 done
[M7]   2.0R F2 done
[M7]   2.0R F3 done
[M7]   2.0R F4 done
[M7]   2.5R F1 done
[M7]   2.5R F2 done
[M7]   2.5R F3 done
[M7]   2.5R F4 done

=== 路径状态因果检查 ===
  1.5R: {'drawdown_from_MFE_R_非负': True, 'rebound_from_MAE_R_非负': True, 'bars_since_MFE_范围合法': True, 'bars_since_MAE_范围合法': True, 'unrealized_R_delta_1_等于相邻开盘差': True, 'MFE_单调不减': True, 'MAE_单调不增': True}
  2.0R: {'drawdown_from_MFE_R_非负': True, 'rebound_from_MAE_R_非负': True, 'bars_since_MFE_范围合法': True, 'bars_since_MAE_范围合法': True, 'unrealized_R_delta_1_等于相邻开盘差': True, 'MFE_单调不减': True, 'MAE_单调不增': True}
  2.5R: {'drawdown_from_MFE_R_非负': True, 'rebound_from_MAE_R_非负': True, 'bars_since_MFE_范围合法': True, 'bars_since_MAE_范围合法': True, 'unrealized_R_delta_1_等于相邻开盘差': True, 'MFE_单调不减': True, 'MAE_单调不增': True}

=== 目标A：回归 ===
  目标                   视图 目标类型       模型   状态数     皮尔逊    斯皮尔曼      MAE     RMSE
1.5R           S0_CURRENT    A LightGBM 28194  0.0158  0.0130 0.966919 1.174302
1.5R           S0_CURRENT    A       线性 28194  0.0126  0.0148 0.952188 1.169373
1.5R         S1_PATH_ONLY    A LightGBM 28194  0.0043  0.0034 0.940794 1.154094
1.5R         S1_PATH_ONLY    A       线性 28194  0.0018 -0.0036 0.939568 1.146797
1.5R S2_CURRENT_PLUS_PATH    A LightGBM 28194 -0.0086 -0.0104 0.970822 1.181724
1.5R S2_CURRENT_PLUS_PATH    A       线性 28194  0.0117  0.0138 0.952480 1.172984
2.0R           S0_CURRENT    A LightGBM 34985  0.0093 -0.0114 1.037300 1.290433
2.0R           S0_CURRENT    A       线性 34985  0.0086  0.0137 1.016571 1.280699
2.0R         S1_PATH_ONLY    A LightGBM 34985  0.0044 -0.0099 1.003512 1.259414
2.0R         S1_PATH_ONLY    A       线性 34985 -0.0004 -0.0325 1.001334 1.252609
2.0R S2_CURRENT_PLUS_PATH    A LightGBM 34985  0.0202  0.0039 1.032447 1.285565
2.0R S2_CURRENT_PLUS_PATH    A       线性 34985  0.0091  0.0143 1.016336 1.281343
2.5R           S0_CURRENT    A LightGBM 39221  0.0061 -0.0139 1.082346 1.377174
2.5R           S0_CURRENT    A       线性 39221  0.0009 -0.0025 1.063397 1.363483
2.5R         S1_PATH_ONLY    A LightGBM 39221  0.0085 -0.0148 1.052535 1.346922
2.5R         S1_PATH_ONLY    A       线性 39221 -0.0027 -0.0493 1.050415 1.340850
2.5R S2_CURRENT_PLUS_PATH    A LightGBM 39221 -0.0026 -0.0145 1.084209 1.379294
2.5R S2_CURRENT_PLUS_PATH    A       线性 39221  0.0009 -0.0037 1.063399 1.363888

=== 目标A：分类 + 经济分离 ===
  目标                   视图 目标类型       模型   样本数    AUC    准确率  正类精确率  正类召回率  负类精确率  负类召回率  预测EXIT组真实值  预测HOLD组真实值      两组差值
1.5R           S0_CURRENT    A LightGBM 27502 0.4522 0.4633 0.4746 0.4440 0.4529 0.4836    0.042568    0.001845  0.040723
1.5R           S0_CURRENT    A       线性 27502 0.4699 0.4806 0.4910 0.3754 0.4739 0.5912    0.052088    0.001579  0.050508
1.5R         S1_PATH_ONLY    A LightGBM 27502 0.4660 0.4801 0.4798 0.1749 0.4801 0.8007    0.025900    0.020322  0.005578
1.5R         S1_PATH_ONLY    A       线性 27502 0.4182 0.4753 0.4017 0.0493 0.4802 0.9228    0.053442    0.019211  0.034231
1.5R S2_CURRENT_PLUS_PATH    A LightGBM 27502 0.4447 0.4619 0.4736 0.4506 0.4508 0.4738    0.023404    0.019424  0.003980
1.5R S2_CURRENT_PLUS_PATH    A       线性 27502 0.4718 0.4803 0.4906 0.3746 0.4736 0.5913    0.048969    0.003625  0.045344
2.0R           S0_CURRENT    A LightGBM 33909 0.4487 0.4582 0.4815 0.4572 0.4351 0.4593   -0.002401    0.005517 -0.007918
2.0R           S0_CURRENT    A       线性 33909 0.4742 0.4798 0.5038 0.4191 0.4614 0.5466    0.039135   -0.027382  0.066517
2.0R         S1_PATH_ONLY    A LightGBM 33909 0.4630 0.4737 0.4926 0.1830 0.4691 0.7930    0.030771   -0.005463  0.036235
2.0R         S1_PATH_ONLY    A       线性 33909 0.4166 0.4656 0.4081 0.0467 0.4692 0.9257    0.003547    0.001457  0.002091
2.0R S2_CURRENT_PLUS_PATH    A LightGBM 33909 0.4579 0.4660 0.4889 0.4462 0.4450 0.4876    0.021464   -0.016606  0.038070
2.0R S2_CURRENT_PLUS_PATH    A       线性 33909 0.4762 0.4823 0.5066 0.4222 0.4636 0.5485    0.042519   -0.030086  0.072606
2.5R           S0_CURRENT    A LightGBM 37870 0.4563 0.4722 0.5101 0.4941 0.4309 0.4467    0.013436   -0.013503  0.026939
2.5R           S0_CURRENT    A       线性 37870 0.4709 0.4752 0.5148 0.4361 0.4419 0.5208    0.026424   -0.021146  0.047571
2.5R         S1_PATH_ONLY    A LightGBM 37870 0.4693 0.4620 0.5008 0.1834 0.4524 0.7869    0.025955   -0.005693  0.031648
2.5R         S1_PATH_ONLY    A       线性 37870 0.4256 0.4514 0.4363 0.0650 0.4528 0.9020    0.021180   -0.001255  0.022435
2.5R S2_CURRENT_PLUS_PATH    A LightGBM 37870 0.4556 0.4746 0.5127 0.4829 0.4353 0.4649    0.026393   -0.026034  0.052427
2.5R S2_CURRENT_PLUS_PATH    A       线性 37870 0.4719 0.4752 0.5148 0.4374 0.4418 0.5192    0.024994   -0.020066  0.045060

=== 深亏区（R<-0.75，目标A）===
  目标                   视图 目标类型       模型  状态数  真实EXIT有利比例    AUC    准确率  正类精确率  正类召回率  负类精确率  负类召回率  预测EXIT组真实值  预测HOLD组真实值
1.5R           S0_CURRENT    A LightGBM  634      0.8423 0.5205 0.3586 0.8556 0.2884 0.1611 0.7374   -0.034299   -0.114371
1.5R           S0_CURRENT    A       线性  634      0.8423 0.4721 0.3017 0.8433 0.2116 0.1563 0.7879   -0.023007   -0.110022
1.5R         S1_PATH_ONLY    A LightGBM  634      0.8423 0.4403 0.2370 0.8000 0.1273 0.1496 0.8283   -0.189830   -0.076366
1.5R         S1_PATH_ONLY    A       线性  634      0.8423 0.4198 0.1532 0.0000 0.0000 0.1537 0.9798   -1.197569   -0.088096
1.5R S2_CURRENT_PLUS_PATH    A LightGBM  634      0.8423 0.4520 0.3476 0.8270 0.2865 0.1496 0.6768   -0.135388   -0.073521
1.5R S2_CURRENT_PLUS_PATH    A       线性  634      0.8423 0.4625 0.3049 0.8310 0.2210 0.1527 0.7576   -0.078361   -0.095431
2.0R           S0_CURRENT    A LightGBM  662      0.8414 0.4819 0.3460 0.8214 0.2890 0.1447 0.6569   -0.069289   -0.098487
2.0R           S0_CURRENT    A       线性  662      0.8414 0.4811 0.3369 0.8659 0.2549 0.1616 0.7843   -0.023728   -0.111695
2.0R         S1_PATH_ONLY    A LightGBM  662      0.8414 0.4046 0.2109 0.7606 0.0969 0.1446 0.8333   -0.235897   -0.072162
2.0R         S1_PATH_ONLY    A       线性  662      0.8414 0.3965 0.1548    NaN 0.0000 0.1548 1.0000         NaN   -0.089803
2.0R S2_CURRENT_PLUS_PATH    A LightGBM  662      0.8414 0.4759 0.3263 0.8087 0.2657 0.1408 0.6569   -0.114409   -0.080343
2.0R S2_CURRENT_PLUS_PATH    A       线性  662      0.8414 0.4764 0.3596 0.8689 0.2855 0.1639 0.7647   -0.012557   -0.119500
2.5R           S0_CURRENT    A LightGBM  670      0.8418 0.5184 0.3628 0.8717 0.2890 0.1646 0.7670   -0.034627   -0.111999
2.5R           S0_CURRENT    A       线性  670      0.8418 0.4913 0.3448 0.8671 0.2660 0.1619 0.7767   -0.036061   -0.109304
2.5R         S1_PATH_ONLY    A LightGBM  670      0.8418 0.4111 0.1904 0.7609 0.0621 0.1481 0.8932   -0.198481   -0.082294
2.5R         S1_PATH_ONLY    A       线性  670      0.8418 0.3820 0.1529 0.0000 0.0000 0.1532 0.9903   -0.801720   -0.089239
2.5R S2_CURRENT_PLUS_PATH    A LightGBM  670      0.8418 0.5073 0.3163 0.8699 0.2252 0.1612 0.8155   -0.012459   -0.112122
2.5R S2_CURRENT_PLUS_PATH    A       线性  670      0.8418 0.4875 0.3523 0.8548 0.2819 0.1580 0.7379   -0.056684   -0.103309

=== 策略回放（2.5R）===
  目标                            退出方式  opportunity_curve_cumulative_R     夏普率   最大回撤     利润因子  交易次数  trade_total_R     平均交易R  提前退出比例  平均持有K线数
2.5R           S0_CURRENT-A-LightGBM                          1.1880  0.7725 1.3840 1.030525  1681        23.5497  0.014009  0.5021   2.6211
2.5R                 S0_CURRENT-A-线性                          1.1803  0.9222 1.6415 1.036424  1681        28.9285  0.017209  0.4474   2.7198
2.5R           S0_CURRENT-B-LightGBM                          2.5883  1.5734 1.5745 1.112172  1681       118.9484  0.070761  0.1588   4.7365
2.5R         S1_PATH_ONLY-A-LightGBM                         -0.3081 -0.2639 2.0553 0.962531  1681       -32.8156 -0.019521  0.4355   3.0226
2.5R               S1_PATH_ONLY-A-线性                          1.4138  0.9873 1.4867 1.063744  1681        67.1724  0.039960  0.1725   4.5336
2.5R S2_CURRENT_PLUS_PATH-A-LightGBM                          2.4552  1.7486 0.9675 1.133863  1681       100.2914  0.059662  0.5229   2.6341
2.5R       S2_CURRENT_PLUS_PATH-A-线性                          1.0963  0.8636 1.5772 1.032875  1681        26.0170  0.015477  0.4551   2.6788
2.5R                    固定退出(永远HOLD)                          2.2933  1.4395 1.4451 1.103170  1681       110.5241  0.065749  0.0000   4.8917
2.5R                 事后完美覆盖(oracleA)                         20.2918 11.2787 0.1333 3.414075  1681       995.8160  0.592395  0.5901   2.7323

M7_DONE
